Plato
23:46:33
Camus
23:46:33
Voltaire
23:46:33
Heidegger
23:46:33
Kierkegaard
23:46:33
Sarte
23:46:33
Hobbes
23:46:33

23:46:33
